// Jest Snapshot v1, https://goo.gl/fbAQLP

exports[`ProductItem renders correctly 1`] = `
<li
  className="product"
  id="product1"
>
  <div
    className="product-details"
  >
    <h3>
      Almond Toe Court Shoes, Patent Black
    </h3>
    <h4>
      Â£99.00
    </h4>
    <p>
      5 available
    </p>
    <p>
      Category: 
      Women's Footwear
    </p>
  </div>
  <button
    className="product1-button item-button"
    disabled={false}
    onClick={[Function]}
  >
    Add to cart
  </button>
</li>
`;
